// Jest Snapshot v1, https://goo.gl/fbAQLP

exports[`<Icon /> icon is a react component 1`] = `
<svg
  className="l-icon"
>
  <use
    xlinkHref="#qq"
  />
</svg>
`;
