// Jest Snapshot v1, https://goo.gl/fbAQLP

exports[`Sum is a react component! 1`] = `
<div>
  11111
</div>
`;

exports[`div 1`] = `
<div>
  11111
</div>
`;
